// Jest Snapshot v1, https://goo.gl/fbAQLP

exports[`DateSelector should match the snapshot 1`] = `
<div>
  <div
    class="flex justify-center space-x-2 p-3"
  >
    <button
      class="rounded-full px-5 py-1 text-base font-medium text-gray-700 border-2 border-apian-yellow bg-white hover:bg-apian-yellow-opacity-50 shadow"
    >
      01/08/2021
    </button>
    <button
      class="rounded-full px-5 py-1 text-base font-medium text-gray-700 border-2 border-apian-yellow bg-apian-yellow shadow"
    >
      02/08/2021
    </button>
    <button
      class="rounded-full px-5 py-1 text-base font-medium text-gray-700 border-2 border-apian-yellow bg-white hover:bg-apian-yellow-opacity-50 shadow"
    >
      03/08/2021
    </button>
  </div>
</div>
`;
